[     401ms] [ERROR] Unrecognized Content-Security-Policy directive 'prefetch-src'. @ https://metrika.yandex.ru/settings?id=107283764:0
[     444ms] [ERROR] Unrecognized Content-Security-Policy directive 'prefetch-src'. @ chrome-extension://dhdgffkkebhmkfjojejmpbldmpobfkfo/content.js:82
[     540ms] [ERROR] Unrecognized Content-Security-Policy directive 'prefetch-src'. @ about:blank:0
[     540ms] [ERROR] Unrecognized Content-Security-Policy directive 'prefetch-src'. @ about:blank:0
[     659ms] [WARNING] No routes matched location "/settings?id=107283764"  @ https://yastatic.net/s3/metrika/ui-projects/1.119.2/452.ru.js:1
[     661ms] [WARNING] No routes matched location "/settings?id=107283764"  @ https://yastatic.net/s3/metrika/ui-projects/1.119.2/452.ru.js:1
[     666ms] [ERROR] Unrecognized Content-Security-Policy directive 'prefetch-src'. @ https://yastatic.net/s3/metrika/ui-projects/1.119.2/452.ru.js:1
[     667ms] [ERROR] Unrecognized Content-Security-Policy directive 'prefetch-src'. @ https://yastatic.net/s3/metrika/ui-projects/1.119.2/452.ru.js:1
[     716ms] Uncaught Error: Minified React error #418; visit https://reactjs.org/docs/error-decoder.html?invariant=418 for the full message or use the non-minified dev environment for full errors and additional helpful warnings.
    at uo (https://yastatic.net/s3/metrika/ui-projects/1.119.2/452.ru.js:1:1004203)
    at _l (https://yastatic.net/s3/metrika/ui-projects/1.119.2/452.ru.js:1:1076955)
    at bu (https://yastatic.net/s3/metrika/ui-projects/1.119.2/452.ru.js:1:1064525)
    at yu (https://yastatic.net/s3/metrika/ui-projects/1.119.2/452.ru.js:1:1064453)
    at vu (https://yastatic.net/s3/metrika/ui-projects/1.119.2/452.ru.js:1:1064316)
    at ru (https://yastatic.net/s3/metrika/ui-projects/1.119.2/452.ru.js:1:1059479)
    at w (https://yastatic.net/s3/metrika/ui-projects/1.119.2/452.ru.js:1:1200415)
    at O (https://yastatic.net/s3/metrika/ui-projects/1.119.2/452.ru.js:1:1200947)
[     717ms] Uncaught Error: Minified React error #418; visit https://reactjs.org/docs/error-decoder.html?invariant=418 for the full message or use the non-minified dev environment for full errors and additional helpful warnings.
    at uo (https://yastatic.net/s3/metrika/ui-projects/1.119.2/452.ru.js:1:1004203)
    at _l (https://yastatic.net/s3/metrika/ui-projects/1.119.2/452.ru.js:1:1076955)
    at bu (https://yastatic.net/s3/metrika/ui-projects/1.119.2/452.ru.js:1:1064525)
    at yu (https://yastatic.net/s3/metrika/ui-projects/1.119.2/452.ru.js:1:1064453)
    at vu (https://yastatic.net/s3/metrika/ui-projects/1.119.2/452.ru.js:1:1064316)
    at ru (https://yastatic.net/s3/metrika/ui-projects/1.119.2/452.ru.js:1:1059479)
    at w (https://yastatic.net/s3/metrika/ui-projects/1.119.2/452.ru.js:1:1200415)
    at O (https://yastatic.net/s3/metrika/ui-projects/1.119.2/452.ru.js:1:1200947)
[     717ms] Uncaught Error: Minified React error #423; visit https://reactjs.org/docs/error-decoder.html?invariant=423 for the full message or use the non-minified dev environment for full errors and additional helpful warnings.
    at _l (https://yastatic.net/s3/metrika/ui-projects/1.119.2/452.ru.js:1:1076641)
    at bu (https://yastatic.net/s3/metrika/ui-projects/1.119.2/452.ru.js:1:1064525)
    at yu (https://yastatic.net/s3/metrika/ui-projects/1.119.2/452.ru.js:1:1064453)
    at vu (https://yastatic.net/s3/metrika/ui-projects/1.119.2/452.ru.js:1:1064316)
    at ou (https://yastatic.net/s3/metrika/ui-projects/1.119.2/452.ru.js:1:1061151)
    at ru (https://yastatic.net/s3/metrika/ui-projects/1.119.2/452.ru.js:1:1059706)
    at w (https://yastatic.net/s3/metrika/ui-projects/1.119.2/452.ru.js:1:1200415)
    at O (https://yastatic.net/s3/metrika/ui-projects/1.119.2/452.ru.js:1:1200947)
[     742ms] [WARNING] No routes matched location "/settings?id=107283764"  @ https://yastatic.net/s3/metrika/ui-projects/1.119.2/452.ru.js:1
[     745ms] [WARNING] No routes matched location "/settings?id=107283764"  @ https://yastatic.net/s3/metrika/ui-projects/1.119.2/452.ru.js:1
[     759ms] [WARNING] No routes matched location "/settings?id=107283764&period=today&group=dekaminute&isMinSamplingEnabled=false&currency=RUB&attr=%7B%22attributionId%22%3A%22LastSign%22%2C%22isCrossDevice%22%3Afalse%7D&isUndefinedEnabled=false"  @ https://yastatic.net/s3/metrika/ui-projects/1.119.2/452.ru.js:1
[     812ms] [WARNING] No routes matched location "/settings?id=107283764&period=today&group=dekaminute&isMinSamplingEnabled=false&currency=RUB&attr=%7B%22attributionId%22%3A%22LastSign%22%2C%22isCrossDevice%22%3Afalse%7D&isUndefinedEnabled=false"  @ https://yastatic.net/s3/metrika/ui-projects/1.119.2/452.ru.js:1
[     814ms] [WARNING] No routes matched location "/settings?id=107283764&period=today&group=dekaminute&isMinSamplingEnabled=false&currency=RUB&attr=%7B%22attributionId%22%3A%22LastSign%22%2C%22isCrossDevice%22%3Afalse%7D&isUndefinedEnabled=false"  @ https://yastatic.net/s3/metrika/ui-projects/1.119.2/452.ru.js:1
[     825ms] [ERROR] Failed to load resource: net::ERR_FILE_NOT_FOUND @ chrome-extension://pbanhockgagggenencehbnadejlgchfc/assets/userReportLinkedCandidate.json:0
[    1197ms] [WARNING] No routes matched location "/settings?id=107283764&period=today&group=dekaminute&isMinSamplingEnabled=false&currency=RUB&attr=%7B%22attributionId%22%3A%22LastSign%22%2C%22isCrossDevice%22%3Afalse%7D&isUndefinedEnabled=false"  @ https://yastatic.net/s3/metrika/ui-projects/1.119.2/452.ru.js:1
[    1198ms] [WARNING] No routes matched location "/settings?id=107283764&period=today&group=dekaminute&isMinSamplingEnabled=false&currency=RUB&attr=%7B%22attributionId%22%3A%22LastSign%22%2C%22isCrossDevice%22%3Afalse%7D&isUndefinedEnabled=false"  @ https://yastatic.net/s3/metrika/ui-projects/1.119.2/452.ru.js:1
[    1391ms] [WARNING] No routes matched location "/settings?id=107283764&period=today&group=dekaminute&isMinSamplingEnabled=false&currency=RUB&attr=%7B%22attributionId%22%3A%22LastSign%22%2C%22isCrossDevice%22%3Afalse%7D&isUndefinedEnabled=false"  @ https://yastatic.net/s3/metrika/ui-projects/1.119.2/452.ru.js:1
[    1392ms] [WARNING] No routes matched location "/settings?id=107283764&period=today&group=dekaminute&isMinSamplingEnabled=false&currency=RUB&attr=%7B%22attributionId%22%3A%22LastSign%22%2C%22isCrossDevice%22%3Afalse%7D&isUndefinedEnabled=false"  @ https://yastatic.net/s3/metrika/ui-projects/1.119.2/452.ru.js:1
[    2410ms] [WARNING] No routes matched location "/settings?id=107283764&period=today&group=dekaminute&isMinSamplingEnabled=false&currency=RUB&attr=%7B%22attributionId%22%3A%22LastSign%22%2C%22isCrossDevice%22%3Afalse%7D&isUndefinedEnabled=false"  @ https://yastatic.net/s3/metrika/ui-projects/1.119.2/452.ru.js:1
[    2412ms] [WARNING] No routes matched location "/settings?id=107283764&period=today&group=dekaminute&isMinSamplingEnabled=false&currency=RUB&attr=%7B%22attributionId%22%3A%22LastSign%22%2C%22isCrossDevice%22%3Afalse%7D&isUndefinedEnabled=false"  @ https://yastatic.net/s3/metrika/ui-projects/1.119.2/452.ru.js:1
[    2770ms] [WARNING] No routes matched location "/settings?id=107283764&period=today&group=dekaminute&isMinSamplingEnabled=false&currency=RUB&attr=%7B%22attributionId%22%3A%22LastSign%22%2C%22isCrossDevice%22%3Afalse%7D&isUndefinedEnabled=false"  @ https://yastatic.net/s3/metrika/ui-projects/1.119.2/452.ru.js:1
[    2772ms] [WARNING] No routes matched location "/settings?id=107283764&period=today&group=dekaminute&isMinSamplingEnabled=false&currency=RUB&attr=%7B%22attributionId%22%3A%22LastSign%22%2C%22isCrossDevice%22%3Afalse%7D&isUndefinedEnabled=false"  @ https://yastatic.net/s3/metrika/ui-projects/1.119.2/452.ru.js:1
[    2819ms] [ERROR] Unrecognized Content-Security-Policy directive 'prefetch-src'. @ https://metrika.yandex.ru/settings?iframe=1&iframe-lang=ru&id=107283764&period=today&group=dekaminute:0
[    2831ms] [ERROR] Unrecognized Content-Security-Policy directive 'prefetch-src'. @ chrome-extension://dhdgffkkebhmkfjojejmpbldmpobfkfo/content.js:82
[    3270ms] [WARNING] No routes matched location "/settings?id=107283764&period=today&group=dekaminute"  @ https://yastatic.net/s3/metrika/ui-projects/1.119.2/452.ru.js:1
[    3273ms] [WARNING] No routes matched location "/settings?id=107283764&period=today&group=dekaminute"  @ https://yastatic.net/s3/metrika/ui-projects/1.119.2/452.ru.js:1
[    3331ms] [WARNING] No routes matched location "/settings?id=107283764&period=today&group=dekaminute&tab=common&isMinSamplingEnabled=false&currency=RUB&attr=%7B%22attributionId%22%3A%22LastSign%22%2C%22isCrossDevice%22%3Afalse%7D&isUndefinedEnabled=false"  @ https://yastatic.net/s3/metrika/ui-projects/1.119.2/452.ru.js:1
[    3332ms] [WARNING] No routes matched location "/settings?id=107283764&period=today&group=dekaminute&tab=common&isMinSamplingEnabled=false&currency=RUB&attr=%7B%22attributionId%22%3A%22LastSign%22%2C%22isCrossDevice%22%3Afalse%7D&isUndefinedEnabled=false"  @ https://yastatic.net/s3/metrika/ui-projects/1.119.2/452.ru.js:1
[    3440ms] [ERROR] Failed to load resource: net::ERR_FILE_NOT_FOUND @ chrome-extension://pbanhockgagggenencehbnadejlgchfc/assets/userReportLinkedCandidate.json:0
[    3693ms] [WARNING] No routes matched location "/settings?id=107283764&period=today&group=dekaminute&tab=common&isMinSamplingEnabled=false&currency=RUB&attr=%7B%22attributionId%22%3A%22LastSign%22%2C%22isCrossDevice%22%3Afalse%7D&isUndefinedEnabled=false"  @ https://yastatic.net/s3/metrika/ui-projects/1.119.2/452.ru.js:1
[    3695ms] [WARNING] No routes matched location "/settings?id=107283764&period=today&group=dekaminute&tab=common&isMinSamplingEnabled=false&currency=RUB&attr=%7B%22attributionId%22%3A%22LastSign%22%2C%22isCrossDevice%22%3Afalse%7D&isUndefinedEnabled=false"  @ https://yastatic.net/s3/metrika/ui-projects/1.119.2/452.ru.js:1
[    4000ms] [WARNING] No routes matched location "/settings?id=107283764&period=today&group=dekaminute&tab=common&isMinSamplingEnabled=false&currency=RUB&attr=%7B%22attributionId%22%3A%22LastSign%22%2C%22isCrossDevice%22%3Afalse%7D&isUndefinedEnabled=false"  @ https://yastatic.net/s3/metrika/ui-projects/1.119.2/452.ru.js:1
[    4002ms] [WARNING] No routes matched location "/settings?id=107283764&period=today&group=dekaminute&tab=common&isMinSamplingEnabled=false&currency=RUB&attr=%7B%22attributionId%22%3A%22LastSign%22%2C%22isCrossDevice%22%3Afalse%7D&isUndefinedEnabled=false"  @ https://yastatic.net/s3/metrika/ui-projects/1.119.2/452.ru.js:1
[   11017ms] [WARNING] No routes matched location "/settings?id=107283764&period=today&group=dekaminute&tab=common&isMinSamplingEnabled=false&currency=RUB&attr=%7B%22attributionId%22%3A%22LastSign%22%2C%22isCrossDevice%22%3Afalse%7D&isUndefinedEnabled=false"  @ https://yastatic.net/s3/metrika/ui-projects/1.119.2/452.ru.js:1
[   11019ms] [WARNING] No routes matched location "/settings?id=107283764&period=today&group=dekaminute&tab=common&isMinSamplingEnabled=false&currency=RUB&attr=%7B%22attributionId%22%3A%22LastSign%22%2C%22isCrossDevice%22%3Afalse%7D&isUndefinedEnabled=false"  @ https://yastatic.net/s3/metrika/ui-projects/1.119.2/452.ru.js:1
[   11386ms] [WARNING] No routes matched location "/settings?id=107283764&period=today&group=dekaminute&tab=common&isMinSamplingEnabled=false&currency=RUB&attr=%7B%22attributionId%22%3A%22LastSign%22%2C%22isCrossDevice%22%3Afalse%7D&isUndefinedEnabled=false"  @ https://yastatic.net/s3/metrika/ui-projects/1.119.2/452.ru.js:1
[   11388ms] [WARNING] No routes matched location "/settings?id=107283764&period=today&group=dekaminute&tab=common&isMinSamplingEnabled=false&currency=RUB&attr=%7B%22attributionId%22%3A%22LastSign%22%2C%22isCrossDevice%22%3Afalse%7D&isUndefinedEnabled=false"  @ https://yastatic.net/s3/metrika/ui-projects/1.119.2/452.ru.js:1
[   21407ms] [WARNING] No routes matched location "/settings?id=107283764&period=today&group=dekaminute&tab=common&isMinSamplingEnabled=false&currency=RUB&attr=%7B%22attributionId%22%3A%22LastSign%22%2C%22isCrossDevice%22%3Afalse%7D&isUndefinedEnabled=false"  @ https://yastatic.net/s3/metrika/ui-projects/1.119.2/452.ru.js:1
[   21409ms] [WARNING] No routes matched location "/settings?id=107283764&period=today&group=dekaminute&tab=common&isMinSamplingEnabled=false&currency=RUB&attr=%7B%22attributionId%22%3A%22LastSign%22%2C%22isCrossDevice%22%3Afalse%7D&isUndefinedEnabled=false"  @ https://yastatic.net/s3/metrika/ui-projects/1.119.2/452.ru.js:1
[   21666ms] [WARNING] No routes matched location "/settings?id=107283764&period=today&group=dekaminute&tab=common&isMinSamplingEnabled=false&currency=RUB&attr=%7B%22attributionId%22%3A%22LastSign%22%2C%22isCrossDevice%22%3Afalse%7D&isUndefinedEnabled=false"  @ https://yastatic.net/s3/metrika/ui-projects/1.119.2/452.ru.js:1
[   21669ms] [WARNING] No routes matched location "/settings?id=107283764&period=today&group=dekaminute&tab=common&isMinSamplingEnabled=false&currency=RUB&attr=%7B%22attributionId%22%3A%22LastSign%22%2C%22isCrossDevice%22%3Afalse%7D&isUndefinedEnabled=false"  @ https://yastatic.net/s3/metrika/ui-projects/1.119.2/452.ru.js:1
[  181629ms] [WARNING] No routes matched location "/settings?id=107283764&period=today&group=dekaminute&tab=filters&isMinSamplingEnabled=false&currency=RUB&attr=%7B%22attributionId%22%3A%22LastSign%22%2C%22isCrossDevice%22%3Afalse%7D&isUndefinedEnabled=false"  @ https://yastatic.net/s3/metrika/ui-projects/1.119.2/452.ru.js:1
[  181632ms] [WARNING] No routes matched location "/settings?id=107283764&period=today&group=dekaminute&tab=filters&isMinSamplingEnabled=false&currency=RUB&attr=%7B%22attributionId%22%3A%22LastSign%22%2C%22isCrossDevice%22%3Afalse%7D&isUndefinedEnabled=false"  @ https://yastatic.net/s3/metrika/ui-projects/1.119.2/452.ru.js:1
[  181643ms] [WARNING] No routes matched location "/settings?id=107283764&period=today&group=dekaminute&tab=filters&isMinSamplingEnabled=false&currency=RUB&attr=%7B%22attributionId%22%3A%22LastSign%22%2C%22isCrossDevice%22%3Afalse%7D&isUndefinedEnabled=false"  @ https://yastatic.net/s3/metrika/ui-projects/1.119.2/452.ru.js:1
[  181647ms] [WARNING] No routes matched location "/settings?id=107283764&period=today&group=dekaminute&tab=filters&isMinSamplingEnabled=false&currency=RUB&attr=%7B%22attributionId%22%3A%22LastSign%22%2C%22isCrossDevice%22%3Afalse%7D&isUndefinedEnabled=false"  @ https://yastatic.net/s3/metrika/ui-projects/1.119.2/452.ru.js:1
[  182157ms] [WARNING] No routes matched location "/settings?id=107283764&period=today&group=dekaminute&tab=filters&isMinSamplingEnabled=false&currency=RUB&attr=%7B%22attributionId%22%3A%22LastSign%22%2C%22isCrossDevice%22%3Afalse%7D&isUndefinedEnabled=false"  @ https://yastatic.net/s3/metrika/ui-projects/1.119.2/452.ru.js:1
[  182159ms] [WARNING] No routes matched location "/settings?id=107283764&period=today&group=dekaminute&tab=filters&isMinSamplingEnabled=false&currency=RUB&attr=%7B%22attributionId%22%3A%22LastSign%22%2C%22isCrossDevice%22%3Afalse%7D&isUndefinedEnabled=false"  @ https://yastatic.net/s3/metrika/ui-projects/1.119.2/452.ru.js:1
[  274123ms] [WARNING] No routes matched location "/settings?id=107283764&period=today&group=dekaminute&tab=filters&isMinSamplingEnabled=false&currency=RUB&attr=%7B%22attributionId%22%3A%22LastSign%22%2C%22isCrossDevice%22%3Afalse%7D&isUndefinedEnabled=false"  @ https://yastatic.net/s3/metrika/ui-projects/1.119.2/452.ru.js:1
[  274127ms] [WARNING] No routes matched location "/settings?id=107283764&period=today&group=dekaminute&tab=filters&isMinSamplingEnabled=false&currency=RUB&attr=%7B%22attributionId%22%3A%22LastSign%22%2C%22isCrossDevice%22%3Afalse%7D&isUndefinedEnabled=false"  @ https://yastatic.net/s3/metrika/ui-projects/1.119.2/452.ru.js:1
[  274141ms] [WARNING] No routes matched location "/settings?id=107283764&period=today&group=dekaminute&tab=filters&isMinSamplingEnabled=false&currency=RUB&attr=%7B%22attributionId%22%3A%22LastSign%22%2C%22isCrossDevice%22%3Afalse%7D&isUndefinedEnabled=false"  @ https://yastatic.net/s3/metrika/ui-projects/1.119.2/452.ru.js:1
[  274144ms] [WARNING] No routes matched location "/settings?id=107283764&period=today&group=dekaminute&tab=filters&isMinSamplingEnabled=false&currency=RUB&attr=%7B%22attributionId%22%3A%22LastSign%22%2C%22isCrossDevice%22%3Afalse%7D&isUndefinedEnabled=false"  @ https://yastatic.net/s3/metrika/ui-projects/1.119.2/452.ru.js:1
[  274509ms] [WARNING] No routes matched location "/settings?id=107283764&period=today&group=dekaminute&tab=filters&isMinSamplingEnabled=false&currency=RUB&attr=%7B%22attributionId%22%3A%22LastSign%22%2C%22isCrossDevice%22%3Afalse%7D&isUndefinedEnabled=false"  @ https://yastatic.net/s3/metrika/ui-projects/1.119.2/452.ru.js:1
[  274510ms] [WARNING] No routes matched location "/settings?id=107283764&period=today&group=dekaminute&tab=filters&isMinSamplingEnabled=false&currency=RUB&attr=%7B%22attributionId%22%3A%22LastSign%22%2C%22isCrossDevice%22%3Afalse%7D&isUndefinedEnabled=false"  @ https://yastatic.net/s3/metrika/ui-projects/1.119.2/452.ru.js:1
