[      -8ms] [ERROR] Unrecognized Content-Security-Policy directive 'prefetch-src'. @ https://metrika.yandex.ru/settings?id=107283764:0
[    -593ms] [ERROR] Unrecognized Content-Security-Policy directive 'prefetch-src'. @ https://yastatic.net/s3/metrika/ui-projects/1.119.2/main.ru.js:0
[      21ms] [ERROR] Unrecognized Content-Security-Policy directive 'prefetch-src'. @ chrome-extension://dhdgffkkebhmkfjojejmpbldmpobfkfo/content.js:82
[      54ms] [ERROR] Unrecognized Content-Security-Policy directive 'prefetch-src'. @ about:blank:0
[      55ms] [ERROR] Unrecognized Content-Security-Policy directive 'prefetch-src'. @ about:blank:0
[     237ms] [ERROR] Failed to load resource: net::ERR_FILE_NOT_FOUND @ chrome-extension://pbanhockgagggenencehbnadejlgchfc/assets/userReportLinkedCandidate.json:0
[     329ms] [WARNING] No routes matched location "/settings?id=107283764"  @ https://yastatic.net/s3/metrika/ui-projects/1.119.2/452.ru.js:1
[     333ms] [WARNING] No routes matched location "/settings?id=107283764"  @ https://yastatic.net/s3/metrika/ui-projects/1.119.2/452.ru.js:1
[     339ms] [ERROR] Unrecognized Content-Security-Policy directive 'prefetch-src'. @ https://yastatic.net/s3/metrika/ui-projects/1.119.2/452.ru.js:1
[     340ms] [ERROR] Unrecognized Content-Security-Policy directive 'prefetch-src'. @ https://yastatic.net/s3/metrika/ui-projects/1.119.2/452.ru.js:1
[     399ms] Uncaught Error: Minified React error #418; visit https://reactjs.org/docs/error-decoder.html?invariant=418 for the full message or use the non-minified dev environment for full errors and additional helpful warnings.
    at uo (https://yastatic.net/s3/metrika/ui-projects/1.119.2/452.ru.js:1:1004203)
    at _l (https://yastatic.net/s3/metrika/ui-projects/1.119.2/452.ru.js:1:1076955)
    at bu (https://yastatic.net/s3/metrika/ui-projects/1.119.2/452.ru.js:1:1064525)
    at yu (https://yastatic.net/s3/metrika/ui-projects/1.119.2/452.ru.js:1:1064453)
    at vu (https://yastatic.net/s3/metrika/ui-projects/1.119.2/452.ru.js:1:1064316)
    at ru (https://yastatic.net/s3/metrika/ui-projects/1.119.2/452.ru.js:1:1059479)
    at w (https://yastatic.net/s3/metrika/ui-projects/1.119.2/452.ru.js:1:1200415)
    at O (https://yastatic.net/s3/metrika/ui-projects/1.119.2/452.ru.js:1:1200947)
[     400ms] Uncaught Error: Minified React error #418; visit https://reactjs.org/docs/error-decoder.html?invariant=418 for the full message or use the non-minified dev environment for full errors and additional helpful warnings.
    at uo (https://yastatic.net/s3/metrika/ui-projects/1.119.2/452.ru.js:1:1004203)
    at _l (https://yastatic.net/s3/metrika/ui-projects/1.119.2/452.ru.js:1:1076955)
    at bu (https://yastatic.net/s3/metrika/ui-projects/1.119.2/452.ru.js:1:1064525)
    at yu (https://yastatic.net/s3/metrika/ui-projects/1.119.2/452.ru.js:1:1064453)
    at vu (https://yastatic.net/s3/metrika/ui-projects/1.119.2/452.ru.js:1:1064316)
    at ru (https://yastatic.net/s3/metrika/ui-projects/1.119.2/452.ru.js:1:1059479)
    at w (https://yastatic.net/s3/metrika/ui-projects/1.119.2/452.ru.js:1:1200415)
    at O (https://yastatic.net/s3/metrika/ui-projects/1.119.2/452.ru.js:1:1200947)
[     400ms] Uncaught Error: Minified React error #423; visit https://reactjs.org/docs/error-decoder.html?invariant=423 for the full message or use the non-minified dev environment for full errors and additional helpful warnings.
    at _l (https://yastatic.net/s3/metrika/ui-projects/1.119.2/452.ru.js:1:1076641)
    at bu (https://yastatic.net/s3/metrika/ui-projects/1.119.2/452.ru.js:1:1064525)
    at yu (https://yastatic.net/s3/metrika/ui-projects/1.119.2/452.ru.js:1:1064453)
    at vu (https://yastatic.net/s3/metrika/ui-projects/1.119.2/452.ru.js:1:1064316)
    at ou (https://yastatic.net/s3/metrika/ui-projects/1.119.2/452.ru.js:1:1061151)
    at ru (https://yastatic.net/s3/metrika/ui-projects/1.119.2/452.ru.js:1:1059706)
    at w (https://yastatic.net/s3/metrika/ui-projects/1.119.2/452.ru.js:1:1200415)
    at O (https://yastatic.net/s3/metrika/ui-projects/1.119.2/452.ru.js:1:1200947)
[     444ms] [WARNING] No routes matched location "/settings?id=107283764"  @ https://yastatic.net/s3/metrika/ui-projects/1.119.2/452.ru.js:1
[     446ms] [WARNING] No routes matched location "/settings?id=107283764"  @ https://yastatic.net/s3/metrika/ui-projects/1.119.2/452.ru.js:1
[     469ms] [WARNING] No routes matched location "/settings?id=107283764&period=today&group=dekaminute&isMinSamplingEnabled=false&currency=RUB&attr=%7B%22attributionId%22%3A%22LastSign%22%2C%22isCrossDevice%22%3Afalse%7D&isUndefinedEnabled=false"  @ https://yastatic.net/s3/metrika/ui-projects/1.119.2/452.ru.js:1
[     476ms] [WARNING] No routes matched location "/settings?id=107283764&period=today&group=dekaminute&isMinSamplingEnabled=false&currency=RUB&attr=%7B%22attributionId%22%3A%22LastSign%22%2C%22isCrossDevice%22%3Afalse%7D&isUndefinedEnabled=false"  @ https://yastatic.net/s3/metrika/ui-projects/1.119.2/452.ru.js:1
[    1009ms] [WARNING] No routes matched location "/settings?id=107283764&period=today&group=dekaminute&isMinSamplingEnabled=false&currency=RUB&attr=%7B%22attributionId%22%3A%22LastSign%22%2C%22isCrossDevice%22%3Afalse%7D&isUndefinedEnabled=false"  @ https://yastatic.net/s3/metrika/ui-projects/1.119.2/452.ru.js:1
[    1011ms] [WARNING] No routes matched location "/settings?id=107283764&period=today&group=dekaminute&isMinSamplingEnabled=false&currency=RUB&attr=%7B%22attributionId%22%3A%22LastSign%22%2C%22isCrossDevice%22%3Afalse%7D&isUndefinedEnabled=false"  @ https://yastatic.net/s3/metrika/ui-projects/1.119.2/452.ru.js:1
[    1490ms] [WARNING] No routes matched location "/settings?id=107283764&period=today&group=dekaminute&isMinSamplingEnabled=false&currency=RUB&attr=%7B%22attributionId%22%3A%22LastSign%22%2C%22isCrossDevice%22%3Afalse%7D&isUndefinedEnabled=false"  @ https://yastatic.net/s3/metrika/ui-projects/1.119.2/452.ru.js:1
[    1493ms] [WARNING] No routes matched location "/settings?id=107283764&period=today&group=dekaminute&isMinSamplingEnabled=false&currency=RUB&attr=%7B%22attributionId%22%3A%22LastSign%22%2C%22isCrossDevice%22%3Afalse%7D&isUndefinedEnabled=false"  @ https://yastatic.net/s3/metrika/ui-projects/1.119.2/452.ru.js:1
[    1969ms] [ERROR] Unrecognized Content-Security-Policy directive 'prefetch-src'. @ https://metrika.yandex.ru/settings?iframe=1&iframe-lang=ru&id=107283764&period=today&group=dekaminute:0
[    1982ms] [ERROR] Unrecognized Content-Security-Policy directive 'prefetch-src'. @ chrome-extension://dhdgffkkebhmkfjojejmpbldmpobfkfo/content.js:82
[    2468ms] [WARNING] No routes matched location "/settings?id=107283764&period=today&group=dekaminute"  @ https://yastatic.net/s3/metrika/ui-projects/1.119.2/452.ru.js:1
[    2470ms] [WARNING] No routes matched location "/settings?id=107283764&period=today&group=dekaminute"  @ https://yastatic.net/s3/metrika/ui-projects/1.119.2/452.ru.js:1
[    2501ms] [WARNING] No routes matched location "/settings?id=107283764&period=today&group=dekaminute&tab=common"  @ https://yastatic.net/s3/metrika/ui-projects/1.119.2/452.ru.js:1
[    2537ms] [WARNING] No routes matched location "/settings?id=107283764&period=today&group=dekaminute&tab=common"  @ https://yastatic.net/s3/metrika/ui-projects/1.119.2/452.ru.js:1
[    2550ms] [WARNING] No routes matched location "/settings?id=107283764&period=today&group=dekaminute&tab=common&isMinSamplingEnabled=false&currency=RUB&attr=%7B%22attributionId%22%3A%22LastSign%22%2C%22isCrossDevice%22%3Afalse%7D&isUndefinedEnabled=false"  @ https://yastatic.net/s3/metrika/ui-projects/1.119.2/452.ru.js:1
[    2552ms] [WARNING] No routes matched location "/settings?id=107283764&period=today&group=dekaminute&tab=common&isMinSamplingEnabled=false&currency=RUB&attr=%7B%22attributionId%22%3A%22LastSign%22%2C%22isCrossDevice%22%3Afalse%7D&isUndefinedEnabled=false"  @ https://yastatic.net/s3/metrika/ui-projects/1.119.2/452.ru.js:1
[    2617ms] [ERROR] Failed to load resource: net::ERR_FILE_NOT_FOUND @ chrome-extension://pbanhockgagggenencehbnadejlgchfc/assets/userReportLinkedCandidate.json:0
[    3363ms] [WARNING] No routes matched location "/settings?id=107283764&period=today&group=dekaminute&tab=common&isMinSamplingEnabled=false&currency=RUB&attr=%7B%22attributionId%22%3A%22LastSign%22%2C%22isCrossDevice%22%3Afalse%7D&isUndefinedEnabled=false"  @ https://yastatic.net/s3/metrika/ui-projects/1.119.2/452.ru.js:1
[    3365ms] [WARNING] No routes matched location "/settings?id=107283764&period=today&group=dekaminute&tab=common&isMinSamplingEnabled=false&currency=RUB&attr=%7B%22attributionId%22%3A%22LastSign%22%2C%22isCrossDevice%22%3Afalse%7D&isUndefinedEnabled=false"  @ https://yastatic.net/s3/metrika/ui-projects/1.119.2/452.ru.js:1
[    3664ms] [WARNING] No routes matched location "/settings?id=107283764&period=today&group=dekaminute&tab=common&isMinSamplingEnabled=false&currency=RUB&attr=%7B%22attributionId%22%3A%22LastSign%22%2C%22isCrossDevice%22%3Afalse%7D&isUndefinedEnabled=false"  @ https://yastatic.net/s3/metrika/ui-projects/1.119.2/452.ru.js:1
[    3666ms] [WARNING] No routes matched location "/settings?id=107283764&period=today&group=dekaminute&tab=common&isMinSamplingEnabled=false&currency=RUB&attr=%7B%22attributionId%22%3A%22LastSign%22%2C%22isCrossDevice%22%3Afalse%7D&isUndefinedEnabled=false"  @ https://yastatic.net/s3/metrika/ui-projects/1.119.2/452.ru.js:1
[    4679ms] [WARNING] No routes matched location "/settings?id=107283764&period=today&group=dekaminute&tab=common&isMinSamplingEnabled=false&currency=RUB&attr=%7B%22attributionId%22%3A%22LastSign%22%2C%22isCrossDevice%22%3Afalse%7D&isUndefinedEnabled=false"  @ https://yastatic.net/s3/metrika/ui-projects/1.119.2/452.ru.js:1
[    4681ms] [WARNING] No routes matched location "/settings?id=107283764&period=today&group=dekaminute&tab=common&isMinSamplingEnabled=false&currency=RUB&attr=%7B%22attributionId%22%3A%22LastSign%22%2C%22isCrossDevice%22%3Afalse%7D&isUndefinedEnabled=false"  @ https://yastatic.net/s3/metrika/ui-projects/1.119.2/452.ru.js:1
[    4953ms] [WARNING] No routes matched location "/settings?id=107283764&period=today&group=dekaminute&tab=common&isMinSamplingEnabled=false&currency=RUB&attr=%7B%22attributionId%22%3A%22LastSign%22%2C%22isCrossDevice%22%3Afalse%7D&isUndefinedEnabled=false"  @ https://yastatic.net/s3/metrika/ui-projects/1.119.2/452.ru.js:1
[    4955ms] [WARNING] No routes matched location "/settings?id=107283764&period=today&group=dekaminute&tab=common&isMinSamplingEnabled=false&currency=RUB&attr=%7B%22attributionId%22%3A%22LastSign%22%2C%22isCrossDevice%22%3Afalse%7D&isUndefinedEnabled=false"  @ https://yastatic.net/s3/metrika/ui-projects/1.119.2/452.ru.js:1
[   11968ms] [WARNING] No routes matched location "/settings?id=107283764&period=today&group=dekaminute&tab=common&isMinSamplingEnabled=false&currency=RUB&attr=%7B%22attributionId%22%3A%22LastSign%22%2C%22isCrossDevice%22%3Afalse%7D&isUndefinedEnabled=false"  @ https://yastatic.net/s3/metrika/ui-projects/1.119.2/452.ru.js:1
[   11970ms] [WARNING] No routes matched location "/settings?id=107283764&period=today&group=dekaminute&tab=common&isMinSamplingEnabled=false&currency=RUB&attr=%7B%22attributionId%22%3A%22LastSign%22%2C%22isCrossDevice%22%3Afalse%7D&isUndefinedEnabled=false"  @ https://yastatic.net/s3/metrika/ui-projects/1.119.2/452.ru.js:1
[   12410ms] [WARNING] No routes matched location "/settings?id=107283764&period=today&group=dekaminute&tab=common&isMinSamplingEnabled=false&currency=RUB&attr=%7B%22attributionId%22%3A%22LastSign%22%2C%22isCrossDevice%22%3Afalse%7D&isUndefinedEnabled=false"  @ https://yastatic.net/s3/metrika/ui-projects/1.119.2/452.ru.js:1
[   12412ms] [WARNING] No routes matched location "/settings?id=107283764&period=today&group=dekaminute&tab=common&isMinSamplingEnabled=false&currency=RUB&attr=%7B%22attributionId%22%3A%22LastSign%22%2C%22isCrossDevice%22%3Afalse%7D&isUndefinedEnabled=false"  @ https://yastatic.net/s3/metrika/ui-projects/1.119.2/452.ru.js:1
[   22430ms] [WARNING] No routes matched location "/settings?id=107283764&period=today&group=dekaminute&tab=common&isMinSamplingEnabled=false&currency=RUB&attr=%7B%22attributionId%22%3A%22LastSign%22%2C%22isCrossDevice%22%3Afalse%7D&isUndefinedEnabled=false"  @ https://yastatic.net/s3/metrika/ui-projects/1.119.2/452.ru.js:1
[   22432ms] [WARNING] No routes matched location "/settings?id=107283764&period=today&group=dekaminute&tab=common&isMinSamplingEnabled=false&currency=RUB&attr=%7B%22attributionId%22%3A%22LastSign%22%2C%22isCrossDevice%22%3Afalse%7D&isUndefinedEnabled=false"  @ https://yastatic.net/s3/metrika/ui-projects/1.119.2/452.ru.js:1
[   22732ms] [WARNING] No routes matched location "/settings?id=107283764&period=today&group=dekaminute&tab=common&isMinSamplingEnabled=false&currency=RUB&attr=%7B%22attributionId%22%3A%22LastSign%22%2C%22isCrossDevice%22%3Afalse%7D&isUndefinedEnabled=false"  @ https://yastatic.net/s3/metrika/ui-projects/1.119.2/452.ru.js:1
[   22733ms] [WARNING] No routes matched location "/settings?id=107283764&period=today&group=dekaminute&tab=common&isMinSamplingEnabled=false&currency=RUB&attr=%7B%22attributionId%22%3A%22LastSign%22%2C%22isCrossDevice%22%3Afalse%7D&isUndefinedEnabled=false"  @ https://yastatic.net/s3/metrika/ui-projects/1.119.2/452.ru.js:1
[  334777ms] [WARNING] No routes matched location "/settings?id=107283764&period=today&group=dekaminute&tab=filters&isMinSamplingEnabled=false&currency=RUB&attr=%7B%22attributionId%22%3A%22LastSign%22%2C%22isCrossDevice%22%3Afalse%7D&isUndefinedEnabled=false"  @ https://yastatic.net/s3/metrika/ui-projects/1.119.2/452.ru.js:1
[  334782ms] [WARNING] No routes matched location "/settings?id=107283764&period=today&group=dekaminute&tab=filters&isMinSamplingEnabled=false&currency=RUB&attr=%7B%22attributionId%22%3A%22LastSign%22%2C%22isCrossDevice%22%3Afalse%7D&isUndefinedEnabled=false"  @ https://yastatic.net/s3/metrika/ui-projects/1.119.2/452.ru.js:1
[  334790ms] [WARNING] No routes matched location "/settings?id=107283764&period=today&group=dekaminute&tab=filters&isMinSamplingEnabled=false&currency=RUB&attr=%7B%22attributionId%22%3A%22LastSign%22%2C%22isCrossDevice%22%3Afalse%7D&isUndefinedEnabled=false"  @ https://yastatic.net/s3/metrika/ui-projects/1.119.2/452.ru.js:1
[  334795ms] [WARNING] No routes matched location "/settings?id=107283764&period=today&group=dekaminute&tab=filters&isMinSamplingEnabled=false&currency=RUB&attr=%7B%22attributionId%22%3A%22LastSign%22%2C%22isCrossDevice%22%3Afalse%7D&isUndefinedEnabled=false"  @ https://yastatic.net/s3/metrika/ui-projects/1.119.2/452.ru.js:1
[  335227ms] [WARNING] No routes matched location "/settings?id=107283764&period=today&group=dekaminute&tab=filters&isMinSamplingEnabled=false&currency=RUB&attr=%7B%22attributionId%22%3A%22LastSign%22%2C%22isCrossDevice%22%3Afalse%7D&isUndefinedEnabled=false"  @ https://yastatic.net/s3/metrika/ui-projects/1.119.2/452.ru.js:1
[  335230ms] [WARNING] No routes matched location "/settings?id=107283764&period=today&group=dekaminute&tab=filters&isMinSamplingEnabled=false&currency=RUB&attr=%7B%22attributionId%22%3A%22LastSign%22%2C%22isCrossDevice%22%3Afalse%7D&isUndefinedEnabled=false"  @ https://yastatic.net/s3/metrika/ui-projects/1.119.2/452.ru.js:1
[  351367ms] [WARNING] No routes matched location "/settings?id=107283764&period=today&group=dekaminute&tab=filters&isMinSamplingEnabled=false&currency=RUB&attr=%7B%22attributionId%22%3A%22LastSign%22%2C%22isCrossDevice%22%3Afalse%7D&isUndefinedEnabled=false"  @ https://yastatic.net/s3/metrika/ui-projects/1.119.2/452.ru.js:1
[  351369ms] [WARNING] No routes matched location "/settings?id=107283764&period=today&group=dekaminute&tab=filters&isMinSamplingEnabled=false&currency=RUB&attr=%7B%22attributionId%22%3A%22LastSign%22%2C%22isCrossDevice%22%3Afalse%7D&isUndefinedEnabled=false"  @ https://yastatic.net/s3/metrika/ui-projects/1.119.2/452.ru.js:1
[  361149ms] [WARNING] No routes matched location "/settings?id=107283764&period=today&group=dekaminute&tab=uploads&isMinSamplingEnabled=false&currency=RUB&attr=%7B%22attributionId%22%3A%22LastSign%22%2C%22isCrossDevice%22%3Afalse%7D&isUndefinedEnabled=false"  @ https://yastatic.net/s3/metrika/ui-projects/1.119.2/452.ru.js:1
[  361154ms] [WARNING] No routes matched location "/settings?id=107283764&period=today&group=dekaminute&tab=uploads&isMinSamplingEnabled=false&currency=RUB&attr=%7B%22attributionId%22%3A%22LastSign%22%2C%22isCrossDevice%22%3Afalse%7D&isUndefinedEnabled=false"  @ https://yastatic.net/s3/metrika/ui-projects/1.119.2/452.ru.js:1
[  363079ms] [WARNING] No routes matched location "/settings?id=107283764&period=today&group=dekaminute&tab=filters&isMinSamplingEnabled=false&currency=RUB&attr=%7B%22attributionId%22%3A%22LastSign%22%2C%22isCrossDevice%22%3Afalse%7D&isUndefinedEnabled=false"  @ https://yastatic.net/s3/metrika/ui-projects/1.119.2/452.ru.js:1
[  363085ms] [WARNING] No routes matched location "/settings?id=107283764&period=today&group=dekaminute&tab=filters&isMinSamplingEnabled=false&currency=RUB&attr=%7B%22attributionId%22%3A%22LastSign%22%2C%22isCrossDevice%22%3Afalse%7D&isUndefinedEnabled=false"  @ https://yastatic.net/s3/metrika/ui-projects/1.119.2/452.ru.js:1
[  383613ms] [WARNING] No routes matched location "/stat/sources?id=107283764&period=today&group=dekaminute&isMinSamplingEnabled=false&currency=RUB&attr=%7B%22attributionId%22%3A%22LastSign%22%2C%22isCrossDevice%22%3Afalse%7D&isUndefinedEnabled=false"  @ https://yastatic.net/s3/metrika/ui-projects/1.119.2/452.ru.js:1
[  383648ms] [WARNING] No routes matched location "/stat/sources?id=107283764&period=today&group=dekaminute&isMinSamplingEnabled=false&currency=RUB&attr=%7B%22attributionId%22%3A%22LastSign%22%2C%22isCrossDevice%22%3Afalse%7D&isUndefinedEnabled=false"  @ https://yastatic.net/s3/metrika/ui-projects/1.119.2/452.ru.js:1
[  384239ms] [WARNING] No routes matched location "/stat/sources?id=107283764&period=today&group=dekaminute&isMinSamplingEnabled=false&currency=RUB&attr=%7B%22attributionId%22%3A%22LastSign%22%2C%22isCrossDevice%22%3Afalse%7D&isUndefinedEnabled=false"  @ https://yastatic.net/s3/metrika/ui-projects/1.119.2/452.ru.js:1
[  384247ms] [WARNING] No routes matched location "/stat/sources?id=107283764&period=today&group=dekaminute&isMinSamplingEnabled=false&currency=RUB&attr=%7B%22attributionId%22%3A%22LastSign%22%2C%22isCrossDevice%22%3Afalse%7D&isUndefinedEnabled=false"  @ https://yastatic.net/s3/metrika/ui-projects/1.119.2/452.ru.js:1
[  384981ms] [WARNING] No routes matched location "/stat/sources?id=107283764&period=today&group=dekaminute&isMinSamplingEnabled=false&currency=RUB&attr=%7B%22attributionId%22%3A%22LastSign%22%2C%22isCrossDevice%22%3Afalse%7D&isUndefinedEnabled=false&chartMetrics=%5B%5B%22ym%3As%3Avisits%22%5D%5D&selectedDimensionKeys=%5B%5B%22ym%3As%3A%3Cattribution%3ETrafficSource%22%5D%2C%5B%22ym%3As%3A%3Cattribution%3ESourceEngine%22%5D%5D&tableMetrics=%5B%5B%22ym%3As%3Avisits%22%5D%2C%5B%22ym%3As%3Ausers%22%5D%2C%5B%22ym%3As%3AbounceRate%22%5D%2C%5B%22ym%3As%3ApageDepth%22%5D%2C%5B%22ym%3As%3AavgVisitDurationSeconds%22%5D%5D&view=Hierarchical&sortBy=-ym%3As%3Avisits&showTotal=true&chartView=Line&metricValueMode=Absolute&screenMode=Default&table=visits&goalsConversionViewKind=Chart"  @ https://yastatic.net/s3/metrika/ui-projects/1.119.2/452.ru.js:1
[  385005ms] [WARNING] No routes matched location "/stat/sources?id=107283764&period=today&group=dekaminute&isMinSamplingEnabled=false&currency=RUB&attr=%7B%22attributionId%22%3A%22LastSign%22%2C%22isCrossDevice%22%3Afalse%7D&isUndefinedEnabled=false&chartMetrics=%5B%5B%22ym%3As%3Avisits%22%5D%5D&selectedDimensionKeys=%5B%5B%22ym%3As%3A%3Cattribution%3ETrafficSource%22%5D%2C%5B%22ym%3As%3A%3Cattribution%3ESourceEngine%22%5D%5D&tableMetrics=%5B%5B%22ym%3As%3Avisits%22%5D%2C%5B%22ym%3As%3Ausers%22%5D%2C%5B%22ym%3As%3AbounceRate%22%5D%2C%5B%22ym%3As%3ApageDepth%22%5D%2C%5B%22ym%3As%3AavgVisitDurationSeconds%22%5D%5D&view=Hierarchical&sortBy=-ym%3As%3Avisits&showTotal=true&chartView=Line&metricValueMode=Absolute&screenMode=Default&table=visits&goalsConversionViewKind=Chart"  @ https://yastatic.net/s3/metrika/ui-projects/1.119.2/452.ru.js:1
[  385791ms] [WARNING] No routes matched location "/stat/sources?id=107283764&period=today&group=dekaminute&isMinSamplingEnabled=false&currency=RUB&attr=%7B%22attributionId%22%3A%22LastSign%22%2C%22isCrossDevice%22%3Afalse%7D&isUndefinedEnabled=false&chartMetrics=%5B%5B%22ym%3As%3Avisits%22%5D%5D&selectedDimensionKeys=%5B%5B%22ym%3As%3A%3Cattribution%3ETrafficSource%22%5D%2C%5B%22ym%3As%3A%3Cattribution%3ESourceEngine%22%5D%5D&tableMetrics=%5B%5B%22ym%3As%3Avisits%22%5D%2C%5B%22ym%3As%3Ausers%22%5D%2C%5B%22ym%3As%3AbounceRate%22%5D%2C%5B%22ym%3As%3ApageDepth%22%5D%2C%5B%22ym%3As%3AavgVisitDurationSeconds%22%5D%5D&view=Hierarchical&sortBy=-ym%3As%3Avisits&showTotal=true&chartView=Line&metricValueMode=Absolute&screenMode=Default&table=visits&goalsConversionViewKind=Chart"  @ https://yastatic.net/s3/metrika/ui-projects/1.119.2/452.ru.js:1
[  385800ms] [WARNING] No routes matched location "/stat/sources?id=107283764&period=today&group=dekaminute&isMinSamplingEnabled=false&currency=RUB&attr=%7B%22attributionId%22%3A%22LastSign%22%2C%22isCrossDevice%22%3Afalse%7D&isUndefinedEnabled=false&chartMetrics=%5B%5B%22ym%3As%3Avisits%22%5D%5D&selectedDimensionKeys=%5B%5B%22ym%3As%3A%3Cattribution%3ETrafficSource%22%5D%2C%5B%22ym%3As%3A%3Cattribution%3ESourceEngine%22%5D%5D&tableMetrics=%5B%5B%22ym%3As%3Avisits%22%5D%2C%5B%22ym%3As%3Ausers%22%5D%2C%5B%22ym%3As%3AbounceRate%22%5D%2C%5B%22ym%3As%3ApageDepth%22%5D%2C%5B%22ym%3As%3AavgVisitDurationSeconds%22%5D%5D&view=Hierarchical&sortBy=-ym%3As%3Avisits&showTotal=true&chartView=Line&metricValueMode=Absolute&screenMode=Default&table=visits&goalsConversionViewKind=Chart"  @ https://yastatic.net/s3/metrika/ui-projects/1.119.2/452.ru.js:1
[  386523ms] [WARNING] No routes matched location "/stat/sources?id=107283764&period=today&group=dekaminute&isMinSamplingEnabled=false&currency=RUB&attr=%7B%22attributionId%22%3A%22LastSign%22%2C%22isCrossDevice%22%3Afalse%7D&isUndefinedEnabled=false&chartMetrics=%5B%5B%22ym%3As%3Avisits%22%5D%5D&selectedDimensionKeys=%5B%5B%22ym%3As%3A%3Cattribution%3ETrafficSource%22%5D%2C%5B%22ym%3As%3A%3Cattribution%3ESourceEngine%22%5D%5D&tableMetrics=%5B%5B%22ym%3As%3Avisits%22%5D%2C%5B%22ym%3As%3Ausers%22%5D%2C%5B%22ym%3As%3AbounceRate%22%5D%2C%5B%22ym%3As%3ApageDepth%22%5D%2C%5B%22ym%3As%3AavgVisitDurationSeconds%22%5D%5D&view=Hierarchical&sortBy=-ym%3As%3Avisits&showTotal=true&chartView=Line&metricValueMode=Absolute&screenMode=Default&table=visits&goalsConversionViewKind=Chart"  @ https://yastatic.net/s3/metrika/ui-projects/1.119.2/452.ru.js:1
[  386535ms] [WARNING] No routes matched location "/stat/sources?id=107283764&period=today&group=dekaminute&isMinSamplingEnabled=false&currency=RUB&attr=%7B%22attributionId%22%3A%22LastSign%22%2C%22isCrossDevice%22%3Afalse%7D&isUndefinedEnabled=false&chartMetrics=%5B%5B%22ym%3As%3Avisits%22%5D%5D&selectedDimensionKeys=%5B%5B%22ym%3As%3A%3Cattribution%3ETrafficSource%22%5D%2C%5B%22ym%3As%3A%3Cattribution%3ESourceEngine%22%5D%5D&tableMetrics=%5B%5B%22ym%3As%3Avisits%22%5D%2C%5B%22ym%3As%3Ausers%22%5D%2C%5B%22ym%3As%3AbounceRate%22%5D%2C%5B%22ym%3As%3ApageDepth%22%5D%2C%5B%22ym%3As%3AavgVisitDurationSeconds%22%5D%5D&view=Hierarchical&sortBy=-ym%3As%3Avisits&showTotal=true&chartView=Line&metricValueMode=Absolute&screenMode=Default&table=visits&goalsConversionViewKind=Chart"  @ https://yastatic.net/s3/metrika/ui-projects/1.119.2/452.ru.js:1
[  391192ms] [WARNING] No routes matched location "/stat/sources?id=107283764&period=today&group=dekaminute&isMinSamplingEnabled=false&currency=RUB&attr=%7B%22attributionId%22%3A%22LastSign%22%2C%22isCrossDevice%22%3Afalse%7D&isUndefinedEnabled=false&chartMetrics=%5B%5B%22ym%3As%3Avisits%22%5D%5D&selectedDimensionKeys=%5B%5B%22ym%3As%3A%3Cattribution%3ETrafficSource%22%5D%2C%5B%22ym%3As%3A%3Cattribution%3ESourceEngine%22%5D%5D&tableMetrics=%5B%5B%22ym%3As%3Avisits%22%5D%2C%5B%22ym%3As%3Ausers%22%5D%2C%5B%22ym%3As%3AbounceRate%22%5D%2C%5B%22ym%3As%3ApageDepth%22%5D%2C%5B%22ym%3As%3AavgVisitDurationSeconds%22%5D%5D&view=Hierarchical&sortBy=-ym%3As%3Avisits&showTotal=true&chartView=Line&metricValueMode=Absolute&screenMode=Default&table=visits&goalsConversionViewKind=Chart"  @ https://yastatic.net/s3/metrika/ui-projects/1.119.2/452.ru.js:1
[  391204ms] [WARNING] No routes matched location "/stat/sources?id=107283764&period=today&group=dekaminute&isMinSamplingEnabled=false&currency=RUB&attr=%7B%22attributionId%22%3A%22LastSign%22%2C%22isCrossDevice%22%3Afalse%7D&isUndefinedEnabled=false&chartMetrics=%5B%5B%22ym%3As%3Avisits%22%5D%5D&selectedDimensionKeys=%5B%5B%22ym%3As%3A%3Cattribution%3ETrafficSource%22%5D%2C%5B%22ym%3As%3A%3Cattribution%3ESourceEngine%22%5D%5D&tableMetrics=%5B%5B%22ym%3As%3Avisits%22%5D%2C%5B%22ym%3As%3Ausers%22%5D%2C%5B%22ym%3As%3AbounceRate%22%5D%2C%5B%22ym%3As%3ApageDepth%22%5D%2C%5B%22ym%3As%3AavgVisitDurationSeconds%22%5D%5D&view=Hierarchical&sortBy=-ym%3As%3Avisits&showTotal=true&chartView=Line&metricValueMode=Absolute&screenMode=Default&table=visits&goalsConversionViewKind=Chart"  @ https://yastatic.net/s3/metrika/ui-projects/1.119.2/452.ru.js:1
[  391852ms] [WARNING] No routes matched location "/stat/sources?id=107283764&period=today&group=dekaminute&isMinSamplingEnabled=false&currency=RUB&attr=%7B%22attributionId%22%3A%22LastSign%22%2C%22isCrossDevice%22%3Afalse%7D&isUndefinedEnabled=false&chartMetrics=%5B%5B%22ym%3As%3Avisits%22%5D%5D&selectedDimensionKeys=%5B%5B%22ym%3As%3A%3Cattribution%3ETrafficSource%22%5D%2C%5B%22ym%3As%3A%3Cattribution%3ESourceEngine%22%5D%5D&tableMetrics=%5B%5B%22ym%3As%3Avisits%22%5D%2C%5B%22ym%3As%3Ausers%22%5D%2C%5B%22ym%3As%3AbounceRate%22%5D%2C%5B%22ym%3As%3ApageDepth%22%5D%2C%5B%22ym%3As%3AavgVisitDurationSeconds%22%5D%5D&view=Hierarchical&sortBy=-ym%3As%3Avisits&showTotal=true&chartView=Line&metricValueMode=Absolute&screenMode=Default&table=visits&goalsConversionViewKind=Chart"  @ https://yastatic.net/s3/metrika/ui-projects/1.119.2/452.ru.js:1
[  391863ms] [WARNING] No routes matched location "/stat/sources?id=107283764&period=today&group=dekaminute&isMinSamplingEnabled=false&currency=RUB&attr=%7B%22attributionId%22%3A%22LastSign%22%2C%22isCrossDevice%22%3Afalse%7D&isUndefinedEnabled=false&chartMetrics=%5B%5B%22ym%3As%3Avisits%22%5D%5D&selectedDimensionKeys=%5B%5B%22ym%3As%3A%3Cattribution%3ETrafficSource%22%5D%2C%5B%22ym%3As%3A%3Cattribution%3ESourceEngine%22%5D%5D&tableMetrics=%5B%5B%22ym%3As%3Avisits%22%5D%2C%5B%22ym%3As%3Ausers%22%5D%2C%5B%22ym%3As%3AbounceRate%22%5D%2C%5B%22ym%3As%3ApageDepth%22%5D%2C%5B%22ym%3As%3AavgVisitDurationSeconds%22%5D%5D&view=Hierarchical&sortBy=-ym%3As%3Avisits&showTotal=true&chartView=Line&metricValueMode=Absolute&screenMode=Default&table=visits&goalsConversionViewKind=Chart"  @ https://yastatic.net/s3/metrika/ui-projects/1.119.2/452.ru.js:1
[  393452ms] [WARNING] No routes matched location "/dashboard?id=107283764&period=today&group=dekaminute&isMinSamplingEnabled=false&currency=RUB&attr=%7B%22attributionId%22%3A%22LastSign%22%2C%22isCrossDevice%22%3Afalse%7D&isUndefinedEnabled=false&dashboardId=107283764%2FDefault"  @ https://yastatic.net/s3/metrika/ui-projects/1.119.2/452.ru.js:1
[  393486ms] [WARNING] No routes matched location "/dashboard?id=107283764&period=today&group=dekaminute&isMinSamplingEnabled=false&currency=RUB&attr=%7B%22attributionId%22%3A%22LastSign%22%2C%22isCrossDevice%22%3Afalse%7D&isUndefinedEnabled=false&dashboardId=107283764%2FDefault"  @ https://yastatic.net/s3/metrika/ui-projects/1.119.2/452.ru.js:1
[  393785ms] [WARNING] No routes matched location "/dashboard?id=107283764&period=today&group=dekaminute&isMinSamplingEnabled=false&currency=RUB&attr=%7B%22attributionId%22%3A%22LastSign%22%2C%22isCrossDevice%22%3Afalse%7D&isUndefinedEnabled=false&dashboardId=107283764%2FDefault"  @ https://yastatic.net/s3/metrika/ui-projects/1.119.2/452.ru.js:1
[  397598ms] [WARNING] No routes matched location "/dashboard?id=107283764&period=today&group=dekaminute&isMinSamplingEnabled=false&currency=RUB&attr=%7B%22attributionId%22%3A%22LastSign%22%2C%22isCrossDevice%22%3Afalse%7D&isUndefinedEnabled=false&dashboardId=107283764%2FDefault"  @ https://yastatic.net/s3/metrika/ui-projects/1.119.2/452.ru.js:1
[  397631ms] [WARNING] No routes matched location "/dashboard?id=107283764&period=today&group=dekaminute&isMinSamplingEnabled=false&currency=RUB&attr=%7B%22attributionId%22%3A%22LastSign%22%2C%22isCrossDevice%22%3Afalse%7D&isUndefinedEnabled=false&dashboardId=107283764%2FDefault"  @ https://yastatic.net/s3/metrika/ui-projects/1.119.2/452.ru.js:1
[  398131ms] [WARNING] No routes matched location "/dashboard?id=107283764&period=today&group=dekaminute&isMinSamplingEnabled=false&currency=RUB&attr=%7B%22attributionId%22%3A%22LastSign%22%2C%22isCrossDevice%22%3Afalse%7D&isUndefinedEnabled=false&dashboardId=107283764%2FDefault"  @ https://yastatic.net/s3/metrika/ui-projects/1.119.2/452.ru.js:1
[  404474ms] [WARNING] No routes matched location "/dashboard?id=107283764&period=month&group=dekaminute&isMinSamplingEnabled=false&currency=RUB&attr=%7B%22attributionId%22%3A%22LastSign%22%2C%22isCrossDevice%22%3Afalse%7D&isUndefinedEnabled=false&dashboardId=107283764%2FDefault"  @ https://yastatic.net/s3/metrika/ui-projects/1.119.2/452.ru.js:1
[  404553ms] [WARNING] No routes matched location "/dashboard?id=107283764&period=month&group=day&isMinSamplingEnabled=false&currency=RUB&attr=%7B%22attributionId%22%3A%22LastSign%22%2C%22isCrossDevice%22%3Afalse%7D&isUndefinedEnabled=false&dashboardId=107283764%2FDefault"  @ https://yastatic.net/s3/metrika/ui-projects/1.119.2/452.ru.js:1
[  405522ms] [WARNING] Highcharts warning: Consider including the "accessibility.js" module to make your chart more usable for people with disabilities. Set the "accessibility.enabled" option to false to remove this warning. See https://www.highcharts.com/docs/accessibility/accessibility-module. @ https://yastatic.net/s3/metrika/ui-projects/1.119.2/452.ru.js:1
[  411117ms] [WARNING] No routes matched location "/dashboard?id=107283764&period=month&group=day&isMinSamplingEnabled=false&currency=RUB&attr=%7B%22attributionId%22%3A%22LastSign%22%2C%22isCrossDevice%22%3Afalse%7D&isUndefinedEnabled=false&dashboardId=107283764%2FDefault"  @ https://yastatic.net/s3/metrika/ui-projects/1.119.2/452.ru.js:1
[  427684ms] [WARNING] No routes matched location "/dashboard?id=107283764&period=month&group=day&isMinSamplingEnabled=false&currency=RUB&attr=%7B%22attributionId%22%3A%22LastSign%22%2C%22isCrossDevice%22%3Afalse%7D&isUndefinedEnabled=false&dashboardId=107283764%2FDefault"  @ https://yastatic.net/s3/metrika/ui-projects/1.119.2/452.ru.js:1
[  435225ms] [WARNING] No routes matched location "/stat/visitors?id=107283764&period=month&group=day&isMinSamplingEnabled=false&currency=RUB&attr=%7B%22attributionId%22%3A%22LastSign%22%2C%22isCrossDevice%22%3Afalse%7D&isUndefinedEnabled=false"  @ https://yastatic.net/s3/metrika/ui-projects/1.119.2/452.ru.js:1
[  435232ms] [WARNING] No routes matched location "/stat/visitors?id=107283764&period=month&group=day&isMinSamplingEnabled=false&currency=RUB&attr=%7B%22attributionId%22%3A%22LastSign%22%2C%22isCrossDevice%22%3Afalse%7D&isUndefinedEnabled=false"  @ https://yastatic.net/s3/metrika/ui-projects/1.119.2/452.ru.js:1
[  435271ms] [WARNING] No routes matched location "/stat/visitors?id=107283764&period=month&group=day&isMinSamplingEnabled=false&currency=RUB&attr=%7B%22attributionId%22%3A%22LastSign%22%2C%22isCrossDevice%22%3Afalse%7D&isUndefinedEnabled=false&attribution=LastSign&cross_device_attribution=0"  @ https://yastatic.net/s3/metrika/ui-projects/1.119.2/452.ru.js:1
[  435275ms] [WARNING] No routes matched location "/stat/visitors?id=107283764&period=month&group=day&isMinSamplingEnabled=false&currency=RUB&attr=%7B%22attributionId%22%3A%22LastSign%22%2C%22isCrossDevice%22%3Afalse%7D&isUndefinedEnabled=false&attribution=LastSign&cross_device_attribution=0"  @ https://yastatic.net/s3/metrika/ui-projects/1.119.2/452.ru.js:1
[  435277ms] [ERROR] Unrecognized Content-Security-Policy directive 'prefetch-src'. @ https://yastatic.net/s3/metrika/ui-projects/1.119.2/452.ru.js:1
[  435278ms] [ERROR] Unrecognized Content-Security-Policy directive 'prefetch-src'. @ https://yastatic.net/s3/metrika/ui-projects/1.119.2/452.ru.js:1
[  435684ms] [WARNING] No routes matched location "/stat/visitors?id=107283764&period=month&group=day&isMinSamplingEnabled=false&currency=RUB&attr=%7B%22attributionId%22%3A%22LastSign%22%2C%22isCrossDevice%22%3Afalse%7D&isUndefinedEnabled=false&attribution=LastSign&cross_device_attribution=0"  @ https://yastatic.net/s3/metrika/ui-projects/1.119.2/452.ru.js:1
[  435686ms] [WARNING] No routes matched location "/stat/visitors?id=107283764&period=month&group=day&isMinSamplingEnabled=false&currency=RUB&attr=%7B%22attributionId%22%3A%22LastSign%22%2C%22isCrossDevice%22%3Afalse%7D&isUndefinedEnabled=false&attribution=LastSign&cross_device_attribution=0"  @ https://yastatic.net/s3/metrika/ui-projects/1.119.2/452.ru.js:1
[  436109ms] [ERROR] Unrecognized Content-Security-Policy directive 'prefetch-src'. @ https://metrika.yandex.ru/stat/visitors?iframe=1&iframe-lang=ru&id=107283764&period=month&group=day&isMinSamplingEnabled=false&currency=RUB&attr=%7B%22attributionId%22%3A%22LastSign%22%2C%22isCrossDevice%22%3Afalse%7D&isUndefinedEnabled=false&attribution=LastSign&cross_device_attribution=0:0
[  436139ms] [ERROR] Unrecognized Content-Security-Policy directive 'prefetch-src'. @ chrome-extension://dhdgffkkebhmkfjojejmpbldmpobfkfo/content.js:82
[  436408ms] [WARNING] No routes matched location "/stat/visitors?id=107283764&period=month&group=day&isMinSamplingEnabled=false&currency=RUB&attr=%7B%22attributionId%22%3A%22LastSign%22%2C%22isCrossDevice%22%3Afalse%7D&isUndefinedEnabled=false&attribution=LastSign&cross_device_attribution=0"  @ https://yastatic.net/s3/metrika/ui-projects/1.119.2/452.ru.js:1
[  436419ms] [WARNING] No routes matched location "/stat/visitors?id=107283764&period=month&group=day&isMinSamplingEnabled=false&currency=RUB&attr=%7B%22attributionId%22%3A%22LastSign%22%2C%22isCrossDevice%22%3Afalse%7D&isUndefinedEnabled=false&attribution=LastSign&cross_device_attribution=0"  @ https://yastatic.net/s3/metrika/ui-projects/1.119.2/452.ru.js:1
[  436443ms] [ERROR] Failed to load resource: net::ERR_FILE_NOT_FOUND @ chrome-extension://pbanhockgagggenencehbnadejlgchfc/assets/userReportLinkedCandidate.json:0
[  438572ms] [WARNING] No routes matched location "/stat/visitors?period=month&id=107283764"  @ https://yastatic.net/s3/metrika/ui-projects/1.119.2/452.ru.js:1
[  438576ms] [WARNING] No routes matched location "/stat/visitors?period=month&id=107283764"  @ https://yastatic.net/s3/metrika/ui-projects/1.119.2/452.ru.js:1
[  438589ms] [WARNING] No routes matched location "/stat/visitors?period=month&id=107283764&group=day&isMinSamplingEnabled=false&currency=RUB&attr=%7B%22attributionId%22%3A%22LastSign%22%2C%22isCrossDevice%22%3Afalse%7D&isUndefinedEnabled=false"  @ https://yastatic.net/s3/metrika/ui-projects/1.119.2/452.ru.js:1
[  438593ms] [WARNING] No routes matched location "/stat/visitors?period=month&id=107283764&group=day&isMinSamplingEnabled=false&currency=RUB&attr=%7B%22attributionId%22%3A%22LastSign%22%2C%22isCrossDevice%22%3Afalse%7D&isUndefinedEnabled=false"  @ https://yastatic.net/s3/metrika/ui-projects/1.119.2/452.ru.js:1
[  438630ms] [WARNING] No routes matched location "/stat/visitors?period=month&id=107283764&group=day"  @ https://yastatic.net/s3/metrika/ui-projects/1.119.2/452.ru.js:1
[  438639ms] [WARNING] No routes matched location "/stat/visitors?period=month&id=107283764&group=day"  @ https://yastatic.net/s3/metrika/ui-projects/1.119.2/452.ru.js:1
[  438655ms] [WARNING] No routes matched location "/stat/visitors?period=month&id=107283764&group=day&isMinSamplingEnabled=false&currency=RUB&attr=%7B%22attributionId%22%3A%22LastSign%22%2C%22isCrossDevice%22%3Afalse%7D&isUndefinedEnabled=false"  @ https://yastatic.net/s3/metrika/ui-projects/1.119.2/452.ru.js:1
[  438657ms] [WARNING] No routes matched location "/stat/visitors?period=month&id=107283764&group=day&isMinSamplingEnabled=false&currency=RUB&attr=%7B%22attributionId%22%3A%22LastSign%22%2C%22isCrossDevice%22%3Afalse%7D&isUndefinedEnabled=false"  @ https://yastatic.net/s3/metrika/ui-projects/1.119.2/452.ru.js:1
[  439089ms] [WARNING] No routes matched location "/stat/visitors?period=month&id=107283764"  @ https://yastatic.net/s3/metrika/ui-projects/1.119.2/452.ru.js:1
[  439091ms] [WARNING] No routes matched location "/stat/visitors?period=month&id=107283764"  @ https://yastatic.net/s3/metrika/ui-projects/1.119.2/452.ru.js:1
[  439098ms] [WARNING] No routes matched location "/stat/visitors?period=month&id=107283764&group=day&isMinSamplingEnabled=false&currency=RUB&attr=%7B%22attributionId%22%3A%22LastSign%22%2C%22isCrossDevice%22%3Afalse%7D&isUndefinedEnabled=false"  @ https://yastatic.net/s3/metrika/ui-projects/1.119.2/452.ru.js:1
[  439099ms] [WARNING] No routes matched location "/stat/visitors?period=month&id=107283764&group=day&isMinSamplingEnabled=false&currency=RUB&attr=%7B%22attributionId%22%3A%22LastSign%22%2C%22isCrossDevice%22%3Afalse%7D&isUndefinedEnabled=false"  @ https://yastatic.net/s3/metrika/ui-projects/1.119.2/452.ru.js:1
[  439109ms] [WARNING] No routes matched location "/stat/visitors?period=month&id=107283764&group=day"  @ https://yastatic.net/s3/metrika/ui-projects/1.119.2/452.ru.js:1
[  439112ms] [WARNING] No routes matched location "/stat/visitors?period=month&id=107283764&group=day"  @ https://yastatic.net/s3/metrika/ui-projects/1.119.2/452.ru.js:1
[  439116ms] [WARNING] No routes matched location "/stat/visitors?period=month&id=107283764&group=day&isMinSamplingEnabled=false&currency=RUB&attr=%7B%22attributionId%22%3A%22LastSign%22%2C%22isCrossDevice%22%3Afalse%7D&isUndefinedEnabled=false"  @ https://yastatic.net/s3/metrika/ui-projects/1.119.2/452.ru.js:1
[  439120ms] [WARNING] No routes matched location "/stat/visitors?period=month&id=107283764&group=day&isMinSamplingEnabled=false&currency=RUB&attr=%7B%22attributionId%22%3A%22LastSign%22%2C%22isCrossDevice%22%3Afalse%7D&isUndefinedEnabled=false"  @ https://yastatic.net/s3/metrika/ui-projects/1.119.2/452.ru.js:1
[  439129ms] [WARNING] No routes matched location "/stat/visitors?period=month&id=107283764&group=day"  @ https://yastatic.net/s3/metrika/ui-projects/1.119.2/452.ru.js:1
[  439131ms] [WARNING] No routes matched location "/stat/visitors?period=month&id=107283764&group=day"  @ https://yastatic.net/s3/metrika/ui-projects/1.119.2/452.ru.js:1
[  439136ms] [WARNING] No routes matched location "/stat/visitors?period=month&id=107283764&group=day&isMinSamplingEnabled=false&currency=RUB&attr=%7B%22attributionId%22%3A%22LastSign%22%2C%22isCrossDevice%22%3Afalse%7D&isUndefinedEnabled=false"  @ https://yastatic.net/s3/metrika/ui-projects/1.119.2/452.ru.js:1
[  439140ms] [WARNING] No routes matched location "/stat/visitors?period=month&id=107283764&group=day&isMinSamplingEnabled=false&currency=RUB&attr=%7B%22attributionId%22%3A%22LastSign%22%2C%22isCrossDevice%22%3Afalse%7D&isUndefinedEnabled=false"  @ https://yastatic.net/s3/metrika/ui-projects/1.119.2/452.ru.js:1
[  439149ms] [WARNING] No routes matched location "/stat/visitors?period=month&id=107283764&group=day"  @ https://yastatic.net/s3/metrika/ui-projects/1.119.2/452.ru.js:1
[  439151ms] [WARNING] No routes matched location "/stat/visitors?period=month&id=107283764&group=day"  @ https://yastatic.net/s3/metrika/ui-projects/1.119.2/452.ru.js:1
[  439156ms] [WARNING] No routes matched location "/stat/visitors?period=month&id=107283764&group=day&isMinSamplingEnabled=false&currency=RUB&attr=%7B%22attributionId%22%3A%22LastSign%22%2C%22isCrossDevice%22%3Afalse%7D&isUndefinedEnabled=false"  @ https://yastatic.net/s3/metrika/ui-projects/1.119.2/452.ru.js:1
[  439160ms] [WARNING] No routes matched location "/stat/visitors?period=month&id=107283764&group=day&isMinSamplingEnabled=false&currency=RUB&attr=%7B%22attributionId%22%3A%22LastSign%22%2C%22isCrossDevice%22%3Afalse%7D&isUndefinedEnabled=false"  @ https://yastatic.net/s3/metrika/ui-projects/1.119.2/452.ru.js:1
[  439169ms] [WARNING] No routes matched location "/stat/visitors?period=month&id=107283764&group=day"  @ https://yastatic.net/s3/metrika/ui-projects/1.119.2/452.ru.js:1
[  439171ms] [WARNING] No routes matched location "/stat/visitors?period=month&id=107283764&group=day"  @ https://yastatic.net/s3/metrika/ui-projects/1.119.2/452.ru.js:1
[  439176ms] [WARNING] No routes matched location "/stat/visitors?period=month&id=107283764&group=day&isMinSamplingEnabled=false&currency=RUB&attr=%7B%22attributionId%22%3A%22LastSign%22%2C%22isCrossDevice%22%3Afalse%7D&isUndefinedEnabled=false"  @ https://yastatic.net/s3/metrika/ui-projects/1.119.2/452.ru.js:1
[  439181ms] [WARNING] No routes matched location "/stat/visitors?period=month&id=107283764&group=day&isMinSamplingEnabled=false&currency=RUB&attr=%7B%22attributionId%22%3A%22LastSign%22%2C%22isCrossDevice%22%3Afalse%7D&isUndefinedEnabled=false"  @ https://yastatic.net/s3/metrika/ui-projects/1.119.2/452.ru.js:1
[  439197ms] [WARNING] No routes matched location "/stat/visitors?period=month&id=107283764&group=day"  @ https://yastatic.net/s3/metrika/ui-projects/1.119.2/452.ru.js:1
[  439199ms] [WARNING] No routes matched location "/stat/visitors?period=month&id=107283764&group=day"  @ https://yastatic.net/s3/metrika/ui-projects/1.119.2/452.ru.js:1
[  439205ms] [WARNING] No routes matched location "/stat/visitors?period=month&id=107283764&group=day&isMinSamplingEnabled=false&currency=RUB&attr=%7B%22attributionId%22%3A%22LastSign%22%2C%22isCrossDevice%22%3Afalse%7D&isUndefinedEnabled=false"  @ https://yastatic.net/s3/metrika/ui-projects/1.119.2/452.ru.js:1
[  439210ms] [WARNING] No routes matched location "/stat/visitors?period=month&id=107283764&group=day&isMinSamplingEnabled=false&currency=RUB&attr=%7B%22attributionId%22%3A%22LastSign%22%2C%22isCrossDevice%22%3Afalse%7D&isUndefinedEnabled=false"  @ https://yastatic.net/s3/metrika/ui-projects/1.119.2/452.ru.js:1
[  439220ms] [WARNING] No routes matched location "/stat/visitors?period=month&id=107283764&group=day"  @ https://yastatic.net/s3/metrika/ui-projects/1.119.2/452.ru.js:1
[  439222ms] [WARNING] No routes matched location "/stat/visitors?period=month&id=107283764&group=day"  @ https://yastatic.net/s3/metrika/ui-projects/1.119.2/452.ru.js:1
[  439232ms] [WARNING] No routes matched location "/stat/visitors?period=month&id=107283764&group=day&isMinSamplingEnabled=false&currency=RUB&attr=%7B%22attributionId%22%3A%22LastSign%22%2C%22isCrossDevice%22%3Afalse%7D&isUndefinedEnabled=false"  @ https://yastatic.net/s3/metrika/ui-projects/1.119.2/452.ru.js:1
[  439233ms] [WARNING] No routes matched location "/stat/visitors?period=month&id=107283764&group=day&isMinSamplingEnabled=false&currency=RUB&attr=%7B%22attributionId%22%3A%22LastSign%22%2C%22isCrossDevice%22%3Afalse%7D&isUndefinedEnabled=false"  @ https://yastatic.net/s3/metrika/ui-projects/1.119.2/452.ru.js:1
[  439242ms] [WARNING] No routes matched location "/stat/visitors?period=month&id=107283764&group=day"  @ https://yastatic.net/s3/metrika/ui-projects/1.119.2/452.ru.js:1
[  439244ms] [WARNING] No routes matched location "/stat/visitors?period=month&id=107283764&group=day"  @ https://yastatic.net/s3/metrika/ui-projects/1.119.2/452.ru.js:1
[  439249ms] [WARNING] No routes matched location "/stat/visitors?period=month&id=107283764&group=day&isMinSamplingEnabled=false&currency=RUB&attr=%7B%22attributionId%22%3A%22LastSign%22%2C%22isCrossDevice%22%3Afalse%7D&isUndefinedEnabled=false"  @ https://yastatic.net/s3/metrika/ui-projects/1.119.2/452.ru.js:1
[  439252ms] [WARNING] No routes matched location "/stat/visitors?period=month&id=107283764&group=day&isMinSamplingEnabled=false&currency=RUB&attr=%7B%22attributionId%22%3A%22LastSign%22%2C%22isCrossDevice%22%3Afalse%7D&isUndefinedEnabled=false"  @ https://yastatic.net/s3/metrika/ui-projects/1.119.2/452.ru.js:1
[  439262ms] [WARNING] No routes matched location "/stat/visitors?period=month&id=107283764&group=day"  @ https://yastatic.net/s3/metrika/ui-projects/1.119.2/452.ru.js:1
[  439263ms] [WARNING] No routes matched location "/stat/visitors?period=month&id=107283764&group=day"  @ https://yastatic.net/s3/metrika/ui-projects/1.119.2/452.ru.js:1
[  439269ms] [WARNING] No routes matched location "/stat/visitors?period=month&id=107283764&group=day&isMinSamplingEnabled=false&currency=RUB&attr=%7B%22attributionId%22%3A%22LastSign%22%2C%22isCrossDevice%22%3Afalse%7D&isUndefinedEnabled=false"  @ https://yastatic.net/s3/metrika/ui-projects/1.119.2/452.ru.js:1
[  439271ms] [WARNING] No routes matched location "/stat/visitors?period=month&id=107283764&group=day&isMinSamplingEnabled=false&currency=RUB&attr=%7B%22attributionId%22%3A%22LastSign%22%2C%22isCrossDevice%22%3Afalse%7D&isUndefinedEnabled=false"  @ https://yastatic.net/s3/metrika/ui-projects/1.119.2/452.ru.js:1
[  439280ms] [WARNING] No routes matched location "/stat/visitors?period=month&id=107283764&group=day"  @ https://yastatic.net/s3/metrika/ui-projects/1.119.2/452.ru.js:1
[  439282ms] [WARNING] No routes matched location "/stat/visitors?period=month&id=107283764&group=day"  @ https://yastatic.net/s3/metrika/ui-projects/1.119.2/452.ru.js:1
[  439288ms] [WARNING] No routes matched location "/stat/visitors?period=month&id=107283764&group=day&isMinSamplingEnabled=false&currency=RUB&attr=%7B%22attributionId%22%3A%22LastSign%22%2C%22isCrossDevice%22%3Afalse%7D&isUndefinedEnabled=false"  @ https://yastatic.net/s3/metrika/ui-projects/1.119.2/452.ru.js:1
[  439292ms] [WARNING] No routes matched location "/stat/visitors?period=month&id=107283764&group=day&isMinSamplingEnabled=false&currency=RUB&attr=%7B%22attributionId%22%3A%22LastSign%22%2C%22isCrossDevice%22%3Afalse%7D&isUndefinedEnabled=false"  @ https://yastatic.net/s3/metrika/ui-projects/1.119.2/452.ru.js:1
[  439300ms] [WARNING] No routes matched location "/stat/visitors?period=month&id=107283764&group=day"  @ https://yastatic.net/s3/metrika/ui-projects/1.119.2/452.ru.js:1
[  439302ms] [WARNING] No routes matched location "/stat/visitors?period=month&id=107283764&group=day"  @ https://yastatic.net/s3/metrika/ui-projects/1.119.2/452.ru.js:1
[  439307ms] [WARNING] No routes matched location "/stat/visitors?period=month&id=107283764&group=day&isMinSamplingEnabled=false&currency=RUB&attr=%7B%22attributionId%22%3A%22LastSign%22%2C%22isCrossDevice%22%3Afalse%7D&isUndefinedEnabled=false"  @ https://yastatic.net/s3/metrika/ui-projects/1.119.2/452.ru.js:1
[  439311ms] [WARNING] No routes matched location "/stat/visitors?period=month&id=107283764&group=day&isMinSamplingEnabled=false&currency=RUB&attr=%7B%22attributionId%22%3A%22LastSign%22%2C%22isCrossDevice%22%3Afalse%7D&isUndefinedEnabled=false"  @ https://yastatic.net/s3/metrika/ui-projects/1.119.2/452.ru.js:1
[  439322ms] [WARNING] No routes matched location "/stat/visitors?period=month&id=107283764&group=day"  @ https://yastatic.net/s3/metrika/ui-projects/1.119.2/452.ru.js:1
[  439324ms] [WARNING] No routes matched location "/stat/visitors?period=month&id=107283764&group=day"  @ https://yastatic.net/s3/metrika/ui-projects/1.119.2/452.ru.js:1
[  439329ms] [WARNING] No routes matched location "/stat/visitors?period=month&id=107283764&group=day&isMinSamplingEnabled=false&currency=RUB&attr=%7B%22attributionId%22%3A%22LastSign%22%2C%22isCrossDevice%22%3Afalse%7D&isUndefinedEnabled=false"  @ https://yastatic.net/s3/metrika/ui-projects/1.119.2/452.ru.js:1
[  439332ms] [WARNING] No routes matched location "/stat/visitors?period=month&id=107283764&group=day&isMinSamplingEnabled=false&currency=RUB&attr=%7B%22attributionId%22%3A%22LastSign%22%2C%22isCrossDevice%22%3Afalse%7D&isUndefinedEnabled=false"  @ https://yastatic.net/s3/metrika/ui-projects/1.119.2/452.ru.js:1
[  439341ms] [WARNING] No routes matched location "/stat/visitors?period=month&id=107283764&group=day"  @ https://yastatic.net/s3/metrika/ui-projects/1.119.2/452.ru.js:1
[  439344ms] [WARNING] No routes matched location "/stat/visitors?period=month&id=107283764&group=day"  @ https://yastatic.net/s3/metrika/ui-projects/1.119.2/452.ru.js:1
[  439348ms] [WARNING] No routes matched location "/stat/visitors?period=month&id=107283764&group=day&isMinSamplingEnabled=false&currency=RUB&attr=%7B%22attributionId%22%3A%22LastSign%22%2C%22isCrossDevice%22%3Afalse%7D&isUndefinedEnabled=false"  @ https://yastatic.net/s3/metrika/ui-projects/1.119.2/452.ru.js:1
[  439352ms] [WARNING] No routes matched location "/stat/visitors?period=month&id=107283764&group=day&isMinSamplingEnabled=false&currency=RUB&attr=%7B%22attributionId%22%3A%22LastSign%22%2C%22isCrossDevice%22%3Afalse%7D&isUndefinedEnabled=false"  @ https://yastatic.net/s3/metrika/ui-projects/1.119.2/452.ru.js:1
[  439361ms] [WARNING] No routes matched location "/stat/visitors?period=month&id=107283764&group=day"  @ https://yastatic.net/s3/metrika/ui-projects/1.119.2/452.ru.js:1
[  439362ms] [WARNING] No routes matched location "/stat/visitors?period=month&id=107283764&group=day"  @ https://yastatic.net/s3/metrika/ui-projects/1.119.2/452.ru.js:1
[  439374ms] [WARNING] No routes matched location "/stat/visitors?period=month&id=107283764&group=day&isMinSamplingEnabled=false&currency=RUB&attr=%7B%22attributionId%22%3A%22LastSign%22%2C%22isCrossDevice%22%3Afalse%7D&isUndefinedEnabled=false"  @ https://yastatic.net/s3/metrika/ui-projects/1.119.2/452.ru.js:1
[  439376ms] [WARNING] No routes matched location "/stat/visitors?period=month&id=107283764&group=day&isMinSamplingEnabled=false&currency=RUB&attr=%7B%22attributionId%22%3A%22LastSign%22%2C%22isCrossDevice%22%3Afalse%7D&isUndefinedEnabled=false"  @ https://yastatic.net/s3/metrika/ui-projects/1.119.2/452.ru.js:1
[  439383ms] [WARNING] No routes matched location "/stat/visitors?period=month&id=107283764&group=day"  @ https://yastatic.net/s3/metrika/ui-projects/1.119.2/452.ru.js:1
[  439385ms] [WARNING] No routes matched location "/stat/visitors?period=month&id=107283764&group=day"  @ https://yastatic.net/s3/metrika/ui-projects/1.119.2/452.ru.js:1
[  439391ms] [WARNING] No routes matched location "/stat/visitors?period=month&id=107283764&group=day&isMinSamplingEnabled=false&currency=RUB&attr=%7B%22attributionId%22%3A%22LastSign%22%2C%22isCrossDevice%22%3Afalse%7D&isUndefinedEnabled=false"  @ https://yastatic.net/s3/metrika/ui-projects/1.119.2/452.ru.js:1
[  439393ms] [WARNING] No routes matched location "/stat/visitors?period=month&id=107283764&group=day&isMinSamplingEnabled=false&currency=RUB&attr=%7B%22attributionId%22%3A%22LastSign%22%2C%22isCrossDevice%22%3Afalse%7D&isUndefinedEnabled=false"  @ https://yastatic.net/s3/metrika/ui-projects/1.119.2/452.ru.js:1
[  439402ms] [WARNING] No routes matched location "/stat/visitors?period=month&id=107283764&group=day"  @ https://yastatic.net/s3/metrika/ui-projects/1.119.2/452.ru.js:1
[  439403ms] [WARNING] No routes matched location "/stat/visitors?period=month&id=107283764&group=day"  @ https://yastatic.net/s3/metrika/ui-projects/1.119.2/452.ru.js:1
[  439410ms] [WARNING] No routes matched location "/stat/visitors?period=month&id=107283764&group=day&isMinSamplingEnabled=false&currency=RUB&attr=%7B%22attributionId%22%3A%22LastSign%22%2C%22isCrossDevice%22%3Afalse%7D&isUndefinedEnabled=false"  @ https://yastatic.net/s3/metrika/ui-projects/1.119.2/452.ru.js:1
[  439411ms] [WARNING] No routes matched location "/stat/visitors?period=month&id=107283764&group=day&isMinSamplingEnabled=false&currency=RUB&attr=%7B%22attributionId%22%3A%22LastSign%22%2C%22isCrossDevice%22%3Afalse%7D&isUndefinedEnabled=false"  @ https://yastatic.net/s3/metrika/ui-projects/1.119.2/452.ru.js:1
[  439420ms] [WARNING] No routes matched location "/stat/visitors?period=month&id=107283764&group=day"  @ https://yastatic.net/s3/metrika/ui-projects/1.119.2/452.ru.js:1
[  439421ms] [WARNING] No routes matched location "/stat/visitors?period=month&id=107283764&group=day"  @ https://yastatic.net/s3/metrika/ui-projects/1.119.2/452.ru.js:1
[  439428ms] [WARNING] No routes matched location "/stat/visitors?period=month&id=107283764&group=day&isMinSamplingEnabled=false&currency=RUB&attr=%7B%22attributionId%22%3A%22LastSign%22%2C%22isCrossDevice%22%3Afalse%7D&isUndefinedEnabled=false"  @ https://yastatic.net/s3/metrika/ui-projects/1.119.2/452.ru.js:1
[  439431ms] [WARNING] No routes matched location "/stat/visitors?period=month&id=107283764&group=day&isMinSamplingEnabled=false&currency=RUB&attr=%7B%22attributionId%22%3A%22LastSign%22%2C%22isCrossDevice%22%3Afalse%7D&isUndefinedEnabled=false"  @ https://yastatic.net/s3/metrika/ui-projects/1.119.2/452.ru.js:1
[  439439ms] [WARNING] No routes matched location "/stat/visitors?period=month&id=107283764&group=day"  @ https://yastatic.net/s3/metrika/ui-projects/1.119.2/452.ru.js:1
[  439441ms] [WARNING] No routes matched location "/stat/visitors?period=month&id=107283764&group=day"  @ https://yastatic.net/s3/metrika/ui-projects/1.119.2/452.ru.js:1
[  439446ms] [WARNING] No routes matched location "/stat/visitors?period=month&id=107283764&group=day&isMinSamplingEnabled=false&currency=RUB&attr=%7B%22attributionId%22%3A%22LastSign%22%2C%22isCrossDevice%22%3Afalse%7D&isUndefinedEnabled=false"  @ https://yastatic.net/s3/metrika/ui-projects/1.119.2/452.ru.js:1
[  439450ms] [WARNING] No routes matched location "/stat/visitors?period=month&id=107283764&group=day&isMinSamplingEnabled=false&currency=RUB&attr=%7B%22attributionId%22%3A%22LastSign%22%2C%22isCrossDevice%22%3Afalse%7D&isUndefinedEnabled=false"  @ https://yastatic.net/s3/metrika/ui-projects/1.119.2/452.ru.js:1
[  439458ms] [WARNING] No routes matched location "/stat/visitors?period=month&id=107283764&group=day"  @ https://yastatic.net/s3/metrika/ui-projects/1.119.2/452.ru.js:1
[  439460ms] [WARNING] No routes matched location "/stat/visitors?period=month&id=107283764&group=day"  @ https://yastatic.net/s3/metrika/ui-projects/1.119.2/452.ru.js:1
[  439464ms] [WARNING] No routes matched location "/stat/visitors?period=month&id=107283764&group=day&isMinSamplingEnabled=false&currency=RUB&attr=%7B%22attributionId%22%3A%22LastSign%22%2C%22isCrossDevice%22%3Afalse%7D&isUndefinedEnabled=false"  @ https://yastatic.net/s3/metrika/ui-projects/1.119.2/452.ru.js:1
[  439468ms] [WARNING] No routes matched location "/stat/visitors?period=month&id=107283764&group=day&isMinSamplingEnabled=false&currency=RUB&attr=%7B%22attributionId%22%3A%22LastSign%22%2C%22isCrossDevice%22%3Afalse%7D&isUndefinedEnabled=false"  @ https://yastatic.net/s3/metrika/ui-projects/1.119.2/452.ru.js:1
[  439476ms] [WARNING] No routes matched location "/stat/visitors?period=month&id=107283764&group=day"  @ https://yastatic.net/s3/metrika/ui-projects/1.119.2/452.ru.js:1
[  439478ms] [WARNING] No routes matched location "/stat/visitors?period=month&id=107283764&group=day"  @ https://yastatic.net/s3/metrika/ui-projects/1.119.2/452.ru.js:1
[  439482ms] [WARNING] No routes matched location "/stat/visitors?period=month&id=107283764&group=day&isMinSamplingEnabled=false&currency=RUB&attr=%7B%22attributionId%22%3A%22LastSign%22%2C%22isCrossDevice%22%3Afalse%7D&isUndefinedEnabled=false"  @ https://yastatic.net/s3/metrika/ui-projects/1.119.2/452.ru.js:1
[  439484ms] [WARNING] No routes matched location "/stat/visitors?period=month&id=107283764&group=day&isMinSamplingEnabled=false&currency=RUB&attr=%7B%22attributionId%22%3A%22LastSign%22%2C%22isCrossDevice%22%3Afalse%7D&isUndefinedEnabled=false"  @ https://yastatic.net/s3/metrika/ui-projects/1.119.2/452.ru.js:1
[  439494ms] [WARNING] No routes matched location "/stat/visitors?period=month&id=107283764&group=day"  @ https://yastatic.net/s3/metrika/ui-projects/1.119.2/452.ru.js:1
[  439502ms] [WARNING] No routes matched location "/stat/visitors?period=month&id=107283764&group=day"  @ https://yastatic.net/s3/metrika/ui-projects/1.119.2/452.ru.js:1
[  439507ms] [WARNING] No routes matched location "/stat/visitors?period=month&id=107283764&group=day&isMinSamplingEnabled=false&currency=RUB&attr=%7B%22attributionId%22%3A%22LastSign%22%2C%22isCrossDevice%22%3Afalse%7D&isUndefinedEnabled=false"  @ https://yastatic.net/s3/metrika/ui-projects/1.119.2/452.ru.js:1
[  439510ms] [WARNING] No routes matched location "/stat/visitors?period=month&id=107283764&group=day&isMinSamplingEnabled=false&currency=RUB&attr=%7B%22attributionId%22%3A%22LastSign%22%2C%22isCrossDevice%22%3Afalse%7D&isUndefinedEnabled=false"  @ https://yastatic.net/s3/metrika/ui-projects/1.119.2/452.ru.js:1
[  439519ms] [WARNING] No routes matched location "/stat/visitors?period=month&id=107283764&group=day"  @ https://yastatic.net/s3/metrika/ui-projects/1.119.2/452.ru.js:1
[  439520ms] [WARNING] No routes matched location "/stat/visitors?period=month&id=107283764&group=day"  @ https://yastatic.net/s3/metrika/ui-projects/1.119.2/452.ru.js:1
[  439526ms] [WARNING] No routes matched location "/stat/visitors?period=month&id=107283764&group=day&isMinSamplingEnabled=false&currency=RUB&attr=%7B%22attributionId%22%3A%22LastSign%22%2C%22isCrossDevice%22%3Afalse%7D&isUndefinedEnabled=false"  @ https://yastatic.net/s3/metrika/ui-projects/1.119.2/452.ru.js:1
[  439528ms] [WARNING] No routes matched location "/stat/visitors?period=month&id=107283764&group=day&isMinSamplingEnabled=false&currency=RUB&attr=%7B%22attributionId%22%3A%22LastSign%22%2C%22isCrossDevice%22%3Afalse%7D&isUndefinedEnabled=false"  @ https://yastatic.net/s3/metrika/ui-projects/1.119.2/452.ru.js:1
[  439537ms] [WARNING] No routes matched location "/stat/visitors?period=month&id=107283764&group=day"  @ https://yastatic.net/s3/metrika/ui-projects/1.119.2/452.ru.js:1
[  439538ms] [WARNING] No routes matched location "/stat/visitors?period=month&id=107283764&group=day"  @ https://yastatic.net/s3/metrika/ui-projects/1.119.2/452.ru.js:1
[  439545ms] [WARNING] No routes matched location "/stat/visitors?period=month&id=107283764&group=day&isMinSamplingEnabled=false&currency=RUB&attr=%7B%22attributionId%22%3A%22LastSign%22%2C%22isCrossDevice%22%3Afalse%7D&isUndefinedEnabled=false"  @ https://yastatic.net/s3/metrika/ui-projects/1.119.2/452.ru.js:1
[  439547ms] [WARNING] No routes matched location "/stat/visitors?period=month&id=107283764&group=day&isMinSamplingEnabled=false&currency=RUB&attr=%7B%22attributionId%22%3A%22LastSign%22%2C%22isCrossDevice%22%3Afalse%7D&isUndefinedEnabled=false"  @ https://yastatic.net/s3/metrika/ui-projects/1.119.2/452.ru.js:1
[  440759ms] [WARNING] No routes matched location "/stat/visitors?period=month&id=107283764"  @ https://yastatic.net/s3/metrika/ui-projects/1.119.2/452.ru.js:1
[  440762ms] [WARNING] No routes matched location "/stat/visitors?period=month&id=107283764"  @ https://yastatic.net/s3/metrika/ui-projects/1.119.2/452.ru.js:1
[  440771ms] [WARNING] No routes matched location "/stat/visitors?period=month&id=107283764&group=day&isMinSamplingEnabled=false&currency=RUB&attr=%7B%22attributionId%22%3A%22LastSign%22%2C%22isCrossDevice%22%3Afalse%7D&isUndefinedEnabled=false"  @ https://yastatic.net/s3/metrika/ui-projects/1.119.2/452.ru.js:1
[  440773ms] [WARNING] No routes matched location "/stat/visitors?period=month&id=107283764&group=day&isMinSamplingEnabled=false&currency=RUB&attr=%7B%22attributionId%22%3A%22LastSign%22%2C%22isCrossDevice%22%3Afalse%7D&isUndefinedEnabled=false"  @ https://yastatic.net/s3/metrika/ui-projects/1.119.2/452.ru.js:1
